\BOOKMARK [1][-]{section.1}{\376\377\000I\000n\000t\000r\000o\000d\000u\000c\000c\000i\000\363\000n}{}% 1
\BOOKMARK [2][-]{subsection.1.1}{\376\377\000C\000o\000n\000t\000e\000x\000t\000o\000\040\000y\000\040\000M\000o\000t\000i\000v\000a\000c\000i\000\363\000n}{section.1}% 2
\BOOKMARK [2][-]{subsection.1.2}{\376\377\000P\000l\000a\000n\000t\000e\000a\000m\000i\000e\000n\000t\000o\000\040\000d\000e\000l\000\040\000P\000r\000o\000b\000l\000e\000m\000a}{section.1}% 3
\BOOKMARK [3][-]{subsubsection.1.2.1}{\376\377\000J\000u\000s\000t\000i\000f\000i\000c\000a\000c\000i\000\363\000n}{subsection.1.2}% 4
\BOOKMARK [3][-]{subsubsection.1.2.2}{\376\377\000O\000b\000j\000e\000t\000i\000v\000o\000s}{subsection.1.2}% 5
\BOOKMARK [3][-]{subsubsection.1.2.3}{\376\377\000H\000i\000p\000\363\000t\000e\000s\000i\000s}{subsection.1.2}% 6
\BOOKMARK [1][-]{section.2}{\376\377\000M\000a\000r\000c\000o\000\040\000T\000e\000\363\000r\000i\000c\000o\000\040\000y\000\040\000E\000s\000t\000a\000d\000o\000\040\000d\000e\000l\000\040\000A\000r\000t\000e}{}% 7
\BOOKMARK [2][-]{subsection.2.1}{\376\377\000P\000r\000i\000m\000e\000r\000a\000s\000\040\000A\000p\000r\000o\000x\000i\000m\000a\000c\000i\000o\000n\000e\000s}{section.2}% 8
\BOOKMARK [2][-]{subsection.2.2}{\376\377\000M\000e\000t\000o\000d\000o\000l\000o\000g\000\355\000a\000s\000\040\000B\000a\000s\000a\000d\000a\000s\000\040\000e\000n\000\040\000L\000L\000M\000s\000\040\000p\000a\000r\000a\000\040\000l\000a\000\040\000G\000e\000n\000e\000r\000a\000c\000i\000\363\000n\000\040\000d\000e\000\040\000S\000Q\000L}{section.2}% 9
\BOOKMARK [3][-]{subsubsection.2.2.1}{\376\377\000D\000e\000c\000o\000m\000p\000o\000s\000i\000t\000i\000o\000n\000\040\000f\000o\000r\000\040\000E\000n\000h\000a\000n\000c\000i\000n\000g\000\040\000A\000t\000t\000e\000n\000t\000i\000o\000n\000\040\000\050\000D\000E\000A\000-\000S\000Q\000L\000\051}{subsection.2.2}% 10
\BOOKMARK [3][-]{subsubsection.2.2.2}{\376\377\000D\000I\000N\000-\000S\000Q\000L\000\040\000\050\000D\000e\000c\000o\000m\000p\000o\000s\000e\000d\000\040\000I\000n\000-\000C\000o\000n\000t\000e\000x\000t\000\040\000L\000e\000a\000r\000n\000i\000n\000g\000\040\000w\000i\000t\000h\000\040\000S\000e\000l\000f\000-\000C\000o\000r\000r\000e\000c\000t\000i\000o\000n\000\051}{subsection.2.2}% 11
\BOOKMARK [3][-]{subsubsection.2.2.3}{\376\377\000M\000A\000C\000-\000S\000Q\000L\000\040\000\050\000M\000u\000l\000t\000i\000-\000A\000g\000e\000n\000t\000\040\000C\000o\000l\000l\000a\000b\000o\000r\000a\000t\000i\000v\000e\000\040\000F\000r\000a\000m\000e\000w\000o\000r\000k\000\051}{subsection.2.2}% 12
\BOOKMARK [3][-]{subsubsection.2.2.4}{\376\377\000A\000C\000T\000-\000S\000Q\000L\000\040\000\050\000I\000n\000-\000C\000o\000n\000t\000e\000x\000t\000\040\000L\000e\000a\000r\000n\000i\000n\000g\000\040\000c\000o\000n\000\040\000C\000h\000a\000i\000n\000-\000o\000f\000-\000T\000h\000o\000u\000g\000h\000t\000\040\000A\000u\000t\000o\000m\000\341\000t\000i\000c\000o\000\051}{subsection.2.2}% 13
\BOOKMARK [3][-]{subsubsection.2.2.5}{\376\377\000M\000C\000S\000-\000S\000Q\000L\000\040\000\050\000M\000u\000l\000t\000i\000p\000l\000e\000-\000C\000h\000o\000i\000c\000e\000\040\000S\000e\000l\000e\000c\000t\000i\000o\000n\000\040\000w\000i\000t\000h\000\040\000M\000u\000l\000t\000i\000-\000P\000r\000o\000m\000p\000t\000s\000\051}{subsection.2.2}% 14
\BOOKMARK [3][-]{subsubsection.2.2.6}{\376\377\000C\000H\000E\000S\000S\000\040\000\050\000C\000o\000n\000t\000e\000x\000t\000u\000a\000l\000\040\000H\000a\000r\000n\000e\000s\000s\000i\000n\000g\000\040\000f\000o\000r\000\040\000E\000f\000f\000i\000c\000i\000e\000n\000t\000\040\000S\000Q\000L\000\040\000S\000y\000n\000t\000h\000e\000s\000i\000s\000\051}{subsection.2.2}% 15
\BOOKMARK [1][-]{section.3}{\376\377\000A\000r\000q\000u\000i\000t\000e\000c\000t\000u\000r\000a\000\040\000P\000r\000o\000p\000u\000e\000s\000t\000a}{}% 16
\BOOKMARK [2][-]{subsection.3.1}{\376\377\000C\000a\000p\000a\000\040\000d\000e\000\040\000E\000n\000t\000r\000a\000d\000a\000\040\000e\000\040\000I\000n\000t\000e\000r\000p\000r\000e\000t\000a\000c\000i\000\363\000n\000\040\000d\000e\000\040\000l\000a\000\040\000I\000n\000t\000e\000n\000c\000i\000\363\000n}{section.3}% 17
\BOOKMARK [2][-]{subsection.3.2}{\376\377\000C\000a\000p\000a\000\040\000d\000e\000\040\000A\000n\000\341\000l\000i\000s\000i\000s\000\040\000y\000\040\000P\000l\000a\000n\000i\000f\000i\000c\000a\000c\000i\000\363\000n\000\040\000d\000e\000\040\000l\000a\000\040\000C\000o\000n\000s\000u\000l\000t\000a}{section.3}% 18
\BOOKMARK [3][-]{subsubsection.3.2.1}{\376\377\000A\000g\000e\000n\000t\000e\000\040\000d\000e\000\040\000D\000e\000s\000c\000o\000m\000p\000o\000s\000i\000c\000i\000\363\000n\000\040\000\050\000i\000n\000s\000p\000i\000r\000a\000d\000o\000\040\000e\000n\000\040\000D\000I\000N\000-\000S\000Q\000L\000\051}{subsection.3.2}% 19
\BOOKMARK [3][-]{subsubsection.3.2.2}{\376\377\000R\000e\000c\000u\000p\000e\000r\000a\000c\000i\000\363\000n\000\040\000d\000e\000\040\000C\000o\000n\000t\000e\000x\000t\000o\000\040\000y\000\040\000P\000l\000a\000n\000i\000f\000i\000c\000a\000c\000i\000\363\000n\000\040\000\050\000i\000n\000s\000p\000i\000r\000a\000d\000o\000\040\000e\000n\000\040\000D\000E\000A\000-\000S\000Q\000L\000\040\000y\000\040\000D\000A\000I\000L\000-\000S\000Q\000L\000\051}{subsection.3.2}% 20
\BOOKMARK [2][-]{subsection.3.3}{\376\377\000C\000a\000p\000a\000\040\000d\000e\000\040\000G\000e\000n\000e\000r\000a\000c\000i\000\363\000n\000\040\000y\000\040\000E\000j\000e\000c\000u\000c\000i\000\363\000n\000\040\000d\000e\000\040\000S\000Q\000L}{section.3}% 21
\BOOKMARK [2][-]{subsection.3.4}{\376\377\000C\000a\000p\000a\000\040\000d\000e\000\040\000R\000e\000s\000p\000u\000e\000s\000t\000a\000\040\000e\000n\000\040\000L\000e\000n\000g\000u\000a\000j\000e\000\040\000N\000a\000t\000u\000r\000a\000l\000\040\000y\000\040\000R\000e\000t\000r\000o\000a\000l\000i\000m\000e\000n\000t\000a\000c\000i\000\363\000n}{section.3}% 22
\BOOKMARK [2][-]{subsection.3.5}{\376\377\000R\000e\000l\000a\000c\000i\000\363\000n\000\040\000c\000o\000n\000\040\000e\000l\000\040\000E\000s\000t\000a\000d\000o\000\040\000d\000e\000l\000\040\000A\000r\000t\000e}{section.3}% 23
\BOOKMARK [1][-]{section.4}{\376\377\000M\000e\000t\000o\000d\000o\000l\000o\000g\000\355\000a}{}% 24
\BOOKMARK [2][-]{subsection.4.1}{\376\377\000D\000i\000s\000e\000\361\000o\000\040\000m\000e\000t\000o\000d\000o\000l\000\363\000g\000i\000c\000o}{section.4}% 25
\BOOKMARK [2][-]{subsection.4.2}{\376\377\000C\000o\000n\000j\000u\000n\000t\000o\000\040\000d\000e\000\040\000c\000o\000n\000s\000u\000l\000t\000a\000s\000\040\000d\000e\000\040\000r\000e\000f\000e\000r\000e\000n\000c\000i\000a\000\040\000\050\000G\000o\000l\000d\000\040\000Q\000u\000e\000r\000i\000e\000s\000\051}{section.4}% 26
\BOOKMARK [2][-]{subsection.4.3}{\376\377\000C\000o\000m\000p\000o\000n\000e\000n\000t\000e\000s\000\040\000a\000r\000q\000u\000i\000t\000e\000c\000t\000\363\000n\000i\000c\000o\000s\000\040\000e\000v\000a\000l\000u\000a\000d\000o\000s}{section.4}% 27
\BOOKMARK [2][-]{subsection.4.4}{\376\377\000E\000s\000p\000a\000c\000i\000o\000\040\000e\000x\000p\000e\000r\000i\000m\000e\000n\000t\000a\000l\000\040\000y\000\040\000c\000o\000m\000b\000i\000n\000a\000c\000i\000o\000n\000e\000s\000\040\000e\000v\000a\000l\000u\000a\000d\000a\000s}{section.4}% 28
\BOOKMARK [2][-]{subsection.4.5}{\376\377\000M\000\351\000t\000r\000i\000c\000a\000s\000\040\000d\000e\000\040\000e\000v\000a\000l\000u\000a\000c\000i\000\363\000n}{section.4}% 29
\BOOKMARK [3][-]{subsubsection.4.5.1}{\376\377\000E\000x\000e\000c\000u\000t\000i\000o\000n\000\040\000A\000c\000c\000u\000r\000a\000c\000y\000\040\000\050\000E\000X\000\051}{subsection.4.5}% 30
\BOOKMARK [3][-]{subsubsection.4.5.2}{\376\377\000C\000o\000m\000p\000o\000n\000e\000n\000t\000\040\000M\000a\000t\000c\000h\000i\000n\000g\000\040\000\050\000C\000M\000\051}{subsection.4.5}% 31
\BOOKMARK [3][-]{subsubsection.4.5.3}{\376\377\000T\000i\000e\000m\000p\000o\000\040\000d\000e\000\040\000r\000e\000s\000p\000u\000e\000s\000t\000a\000\040\000\050\000T\000i\000m\000e\000-\000t\000o\000-\000A\000n\000s\000w\000e\000r\000,\000\040\000T\000T\000A\000\051}{subsection.4.5}% 32
\BOOKMARK [2][-]{subsection.4.6}{\376\377\000P\000r\000o\000c\000e\000d\000i\000m\000i\000e\000n\000t\000o\000\040\000e\000x\000p\000e\000r\000i\000m\000e\000n\000t\000a\000l}{section.4}% 33
\BOOKMARK [2][-]{subsection.4.7}{\376\377\000A\000n\000\341\000l\000i\000s\000i\000s\000\040\000d\000e\000l\000\040\000i\000m\000p\000a\000c\000t\000o\000\040\000d\000e\000\040\000c\000o\000m\000p\000o\000n\000e\000n\000t\000e\000s}{section.4}% 34
\BOOKMARK [2][-]{subsection.4.8}{\376\377\000R\000e\000f\000e\000r\000e\000n\000c\000i\000a\000\040\000a\000l\000\040\000a\000n\000e\000x\000o\000\040\000d\000e\000l\000\040\000c\000o\000n\000j\000u\000n\000t\000o\000\040\000d\000e\000\040\000c\000o\000n\000s\000u\000l\000t\000a\000s}{section.4}% 35
\BOOKMARK [1][-]{section.5}{\376\377\000R\000e\000s\000u\000l\000t\000a\000d\000o\000s\000\040\000E\000x\000p\000e\000r\000i\000m\000e\000n\000t\000a\000l\000e\000s\000\040\000y\000\040\000D\000i\000s\000c\000u\000s\000i\000\363\000n}{}% 36
\BOOKMARK [2][-]{subsection.5.1}{\376\377\000C\000a\000l\000i\000d\000a\000d\000\040\000e\000s\000t\000r\000u\000c\000t\000u\000r\000a\000l\000\040\000d\000e\000l\000\040\000S\000Q\000L\000\040\000\050\000C\000o\000m\000p\000o\000n\000e\000n\000t\000\040\000M\000a\000t\000c\000h\000i\000n\000g\000\051}{section.5}% 37
\BOOKMARK [2][-]{subsection.5.2}{\376\377\000E\000x\000a\000c\000t\000i\000t\000u\000d\000\040\000d\000e\000\040\000e\000j\000e\000c\000u\000c\000i\000\363\000n\000\040\000\050\000E\000x\000e\000c\000u\000t\000i\000o\000n\000\040\000A\000c\000c\000u\000r\000a\000c\000y\000\051}{section.5}% 38
\BOOKMARK [2][-]{subsection.5.3}{\376\377\000R\000o\000b\000u\000s\000t\000e\000z\000\040\000a\000n\000t\000e\000\040\000e\000r\000r\000o\000r\000e\000s\000\040\000c\000o\000n\000s\000i\000d\000e\000r\000a\000n\000d\000o\000\040\000a\000u\000t\000o\000c\000o\000r\000r\000e\000c\000c\000i\000\363\000n\000\040\000\050\000S\000I\000N\000\040\000E\000R\000R\000O\000R\000E\000S\000\051}{section.5}% 39
\BOOKMARK [2][-]{subsection.5.4}{\376\377\000C\000a\000p\000a\000c\000i\000d\000a\000d\000\040\000r\000e\000a\000l\000\040\000d\000e\000\040\000g\000e\000n\000e\000r\000a\000c\000i\000\363\000n\000\040\000s\000i\000n\000\040\000a\000u\000t\000o\000c\000o\000r\000r\000e\000c\000c\000i\000\363\000n\000\040\000\050\000S\000I\000N\000\137\000A\000U\000T\000O\000\137\000C\000O\000R\000R\000E\000C\000C\000I\000O\000N\000\051}{section.5}% 40
\BOOKMARK [2][-]{subsection.5.5}{\376\377\000V\000a\000l\000i\000d\000a\000c\000i\000\363\000n\000\040\000d\000e\000\040\000l\000o\000s\000\040\000m\000\363\000d\000u\000l\000o\000s\000\040\000d\000e\000\040\000I\000n\000t\000e\000n\000s\000i\000\363\000n\000\040\000y\000\040\000M\000e\000m\000o\000r\000i\000a\000\040\000e\000n\000\040\000e\000s\000c\000e\000n\000a\000r\000i\000o\000s\000\040\000c\000o\000n\000v\000e\000r\000s\000a\000c\000i\000o\000n\000a\000l\000e\000s}{section.5}% 41
\BOOKMARK [3][-]{subsubsection.5.5.1}{\376\377\000E\000j\000e\000m\000p\000l\000o\000\040\000i\000l\000u\000s\000t\000r\000a\000t\000i\000v\000o\000\040\000d\000e\000\040\000e\000s\000c\000e\000n\000a\000r\000i\000o\000\040\000m\000u\000l\000t\000i\000-\000t\000u\000r\000n\000o}{subsection.5.5}% 42
\BOOKMARK [2][-]{subsection.5.6}{\376\377\000M\000e\000d\000i\000c\000i\000\363\000n\000\040\000d\000e\000l\000\040\000c\000o\000s\000t\000o\000\040\000c\000o\000m\000p\000u\000t\000a\000c\000i\000o\000n\000a\000l\000\040\000y\000\040\000c\000o\000n\000s\000u\000m\000o\000\040\000d\000e\000\040\000t\000o\000k\000e\000n\000s}{section.5}% 43
\BOOKMARK [3][-]{subsubsection.5.6.1}{\376\377\000D\000i\000s\000t\000r\000i\000b\000u\000c\000i\000\363\000n\000\040\000d\000e\000l\000\040\000c\000o\000n\000s\000u\000m\000o\000\040\000d\000e\000\040\000t\000o\000k\000e\000n\000s}{subsection.5.6}% 44
\BOOKMARK [3][-]{subsubsection.5.6.2}{\376\377\000C\000o\000s\000t\000o\000\040\000p\000r\000o\000m\000e\000d\000i\000o\000\040\000p\000o\000r\000\040\000s\000o\000l\000i\000c\000i\000t\000u\000d}{subsection.5.6}% 45
\BOOKMARK [3][-]{subsubsection.5.6.3}{\376\377\000I\000m\000p\000a\000c\000t\000o\000\040\000d\000e\000l\000\040\000d\000i\000s\000e\000\361\000o\000\040\000a\000r\000q\000u\000i\000t\000e\000c\000t\000\363\000n\000i\000c\000o\000\040\000e\000n\000\040\000e\000l\000\040\000c\000o\000s\000t\000o}{subsection.5.6}% 46
\BOOKMARK [3][-]{subsubsection.5.6.4}{\376\377\000C\000o\000n\000s\000i\000d\000e\000r\000a\000c\000i\000o\000n\000e\000s\000\040\000s\000o\000b\000r\000e\000\040\000r\000e\000p\000r\000o\000d\000u\000c\000i\000b\000i\000l\000i\000d\000a\000d\000\040\000y\000\040\000v\000a\000l\000i\000d\000e\000z}{subsection.5.6}% 47
\BOOKMARK [2][-]{subsection.5.7}{\376\377\000A\000n\000\341\000l\000i\000s\000i\000s\000\040\000d\000e\000l\000\040\000T\000i\000m\000e\000\040\000T\000o\000\040\000A\000n\000s\000w\000e\000r\000\040\000\050\000T\000T\000A\000\051\000\040\000e\000n\000\040\000e\000l\000\040\000w\000o\000r\000k\000f\000l\000o\000w\000\040\000m\000u\000l\000t\000i\000-\000a\000g\000e\000n\000t\000e}{section.5}% 48
\BOOKMARK [3][-]{subsubsection.5.7.1}{\376\377\000R\000e\000s\000u\000l\000t\000a\000d\000o\000s\000\040\000a\000g\000r\000e\000g\000a\000d\000o\000s\000\040\000d\000e\000\040\000T\000T\000A\000\040\000p\000o\000r\000\040\000c\000o\000n\000f\000i\000g\000u\000r\000a\000c\000i\000\363\000n}{subsection.5.7}% 49
\BOOKMARK [3][-]{subsubsection.5.7.2}{\376\377\000D\000i\000s\000t\000r\000i\000b\000u\000c\000i\000\363\000n\000\040\000y\000\040\000v\000a\000r\000i\000a\000b\000i\000l\000i\000d\000a\000d\000\040\000d\000e\000l\000\040\000T\000T\000A}{subsection.5.7}% 50
\BOOKMARK [3][-]{subsubsection.5.7.3}{\376\377\000C\000o\000n\000f\000i\000g\000u\000r\000a\000c\000i\000o\000n\000e\000s\000\040\000s\000i\000n\000\040\000g\000r\000o\000u\000n\000d\000i\000n\000g\000\040\000c\000o\000n\000t\000e\000x\000t\000u\000a\000l}{subsection.5.7}% 51
\BOOKMARK [3][-]{subsubsection.5.7.4}{\376\377\000I\000m\000p\000a\000c\000t\000o\000\040\000d\000e\000l\000\040\000g\000r\000o\000u\000n\000d\000i\000n\000g\000\040\000m\000e\000d\000i\000a\000n\000t\000e\000\040\000R\000A\000G\000\040\000s\000o\000b\000r\000e\000\040\000e\000l\000\040\000T\000T\000A}{subsection.5.7}% 52
\BOOKMARK [3][-]{subsubsection.5.7.5}{\376\377\000R\000e\000l\000a\000c\000i\000\363\000n\000\040\000e\000n\000t\000r\000e\000\040\000S\000I\000N\000\137\000A\000U\000T\000O\000\137\000C\000O\000R\000R\000E\000C\000C\000I\000O\000N\000\040\000y\000\040\000T\000T\000A}{subsection.5.7}% 53
\BOOKMARK [3][-]{subsubsection.5.7.6}{\376\377\000R\000o\000l\000\040\000d\000e\000\040\000M\000e\000m\000o\000r\000i\000a\000\040\000e\000\040\000I\000n\000t\000e\000n\000s\000i\000\363\000n\000\040\000e\000n\000\040\000e\000l\000\040\000T\000T\000A}{subsection.5.7}% 54
\BOOKMARK [3][-]{subsubsection.5.7.7}{\376\377\000C\000o\000n\000f\000i\000g\000u\000r\000a\000c\000i\000\363\000n\000\040\000c\000o\000n\000\040\000m\000e\000j\000o\000r\000\040\000c\000o\000m\000p\000r\000o\000m\000i\000s\000o\000\040\000e\000n\000t\000r\000e\000\040\000c\000a\000l\000i\000d\000a\000d\000\040\000y\000\040\000t\000i\000e\000m\000p\000o}{subsection.5.7}% 55
\BOOKMARK [3][-]{subsubsection.5.7.8}{\376\377\000I\000m\000p\000l\000i\000c\000a\000c\000i\000o\000n\000e\000s\000\040\000p\000a\000r\000a\000\040\000s\000i\000s\000t\000e\000m\000a\000s\000\040\000N\000L\000-\000t\000o\000-\000S\000Q\000L\000\040\000m\000u\000l\000t\000i\000-\000a\000g\000e\000n\000t\000e}{subsection.5.7}% 56
\BOOKMARK [1][-]{section*.2}{\376\377\000A\000p\000\351\000n\000d\000i\000c\000e}{}% 57
\BOOKMARK [2][-]{subsection.Appendix.A.1}{\376\377\000D\000e\000s\000c\000r\000i\000p\000c\000i\000\363\000n\000\040\000g\000e\000n\000e\000r\000a\000l\000\040\000d\000e\000l\000\040\000c\000o\000n\000j\000u\000n\000t\000o\000\040\000d\000e\000\040\000c\000o\000n\000s\000u\000l\000t\000a\000s}{section*.2}% 58
\BOOKMARK [2][-]{subsection.Appendix.A.2}{\376\377\000C\000o\000n\000s\000u\000l\000t\000a\000s\000\040\000d\000e\000\040\000c\000o\000m\000p\000l\000e\000j\000i\000d\000a\000d\000\040\000b\000a\000j\000a}{section*.2}% 59
\BOOKMARK [2][-]{subsection.Appendix.A.3}{\376\377\000C\000o\000n\000s\000u\000l\000t\000a\000s\000\040\000d\000e\000\040\000c\000o\000m\000p\000l\000e\000j\000i\000d\000a\000d\000\040\000m\000e\000d\000i\000a}{section*.2}% 60
\BOOKMARK [2][-]{subsection.Appendix.A.4}{\376\377\000C\000o\000n\000s\000u\000l\000t\000a\000s\000\040\000d\000e\000\040\000c\000o\000m\000p\000l\000e\000j\000i\000d\000a\000d\000\040\000a\000l\000t\000a}{section*.2}% 61
\BOOKMARK [2][-]{subsection.Appendix.A.5}{\376\377\000O\000b\000s\000e\000r\000v\000a\000c\000i\000o\000n\000e\000s\000\040\000m\000e\000t\000o\000d\000o\000l\000\363\000g\000i\000c\000a\000s}{section*.2}% 62
\BOOKMARK [1][-]{section*.3}{\376\377\000R\000e\000f\000e\000r\000e\000n\000c\000i\000a\000s}{}% 63
